Make prediction for 321778 samples...
/home/sunxiaojian/PPIPrediction/test_PSFastPPIModel.py:143: RuntimeWarning: overflow encountered in long_scalars
  test_mcc = (con_matrix[0][0]*con_matrix[1][1]-con_matrix[0][1]*con_matrix[1][0])/(((con_matrix[1][1]+con_matrix[0][1])*(con_matrix[1][1]+con_matrix[1][0])*(con_matrix[0][0]+con_matrix[0][1])*(con_matrix[0][0]+con_matrix[1][0]))**0.5)
2023-03-23 15:32:42.488081
predicting batch: 0
2023-03-23 15:32:43.868484
predicting batch: 1
2023-03-23 15:32:45.130281
predicting batch: 2
2023-03-23 15:32:47.700180
predicting batch: 3
2023-03-23 15:32:53.032178
predicting batch: 4
2023-03-23 15:32:53.818468
predicting batch: 5
2023-03-23 15:32:56.069917
predicting batch: 6
2023-03-23 15:32:59.050046
predicting batch: 7
2023-03-23 15:33:04.140196
predicting batch: 8
2023-03-23 15:33:04.930410
predicting batch: 9
2023-03-23 15:33:07.182604
predicting batch: 10
2023-03-23 15:33:09.956195
predicting batch: 11
2023-03-23 15:33:14.953281
predicting batch: 12
2023-03-23 15:33:15.773417
predicting batch: 13
2023-03-23 15:33:18.265597
predicting batch: 14
2023-03-23 15:33:20.916753
predicting batch: 15
2023-03-23 15:33:26.381986
predicting batch: 16
2023-03-23 15:33:27.186418
predicting batch: 17
2023-03-23 15:33:29.660155
predicting batch: 18
2023-03-23 15:33:32.543625
predicting batch: 19
2023-03-23 15:33:37.651728
predicting batch: 20
2023-03-23 15:33:38.544290
predicting batch: 21
2023-03-23 15:33:40.799975
predicting batch: 22
2023-03-23 15:33:43.410629
predicting batch: 23
2023-03-23 15:33:48.290963
predicting batch: 24
2023-03-23 15:33:49.088513
predicting batch: 25
2023-03-23 15:33:51.291386
predicting batch: 26
2023-03-23 15:33:54.302873
predicting batch: 27
2023-03-23 15:33:59.270393
predicting batch: 28
2023-03-23 15:34:00.066076
predicting batch: 29
2023-03-23 15:34:02.329196
predicting batch: 30
2023-03-23 15:34:04.984406
predicting batch: 31
2023-03-23 15:34:09.906760
predicting batch: 32
2023-03-23 15:34:10.824447
predicting batch: 33
2023-03-23 15:34:13.045456
predicting batch: 34
2023-03-23 15:34:15.897724
predicting batch: 35
2023-03-23 15:34:20.717839
predicting batch: 36
2023-03-23 15:34:21.582057
predicting batch: 37
2023-03-23 15:34:23.748513
predicting batch: 38
2023-03-23 15:34:26.758342
predicting batch: 39
2023-03-23 15:34:31.771962
predicting batch: 40
2023-03-23 15:34:32.680860
predicting batch: 41
2023-03-23 15:34:34.764913
predicting batch: 42
2023-03-23 15:34:37.877241
predicting batch: 43
2023-03-23 15:34:43.019454
predicting batch: 44
2023-03-23 15:34:43.930608
predicting batch: 45
2023-03-23 15:34:46.044726
predicting batch: 46
2023-03-23 15:34:48.860088
predicting batch: 47
2023-03-23 15:34:53.647126
predicting batch: 48
2023-03-23 15:34:54.573428
predicting batch: 49
2023-03-23 15:34:56.912150
predicting batch: 50
2023-03-23 15:35:00.076330
predicting batch: 51
2023-03-23 15:35:05.170002
predicting batch: 52
2023-03-23 15:35:06.060105
predicting batch: 53
2023-03-23 15:35:08.240071
predicting batch: 54
2023-03-23 15:35:11.274270
predicting batch: 55
2023-03-23 15:35:16.569013
predicting batch: 56
2023-03-23 15:35:17.565144
predicting batch: 57
2023-03-23 15:35:19.483842
predicting batch: 58
2023-03-23 15:35:22.150844
predicting batch: 59
2023-03-23 15:35:26.325837
predicting batch: 60
2023-03-23 15:35:27.151055
predicting batch: 61
2023-03-23 15:35:28.485142
predicting batch: 62
2023-03-23 15:35:30.555122
predicting batch: 63
2023-03-23 15:35:31.395427
predicting batch: 64
acc:  0.9042849417921672  ; prec:  0.5467519808043191  ; recall:  0.63332368268674  ; f1:  0.5868623321573732  ; auc:  0.7850956836622831  ; spec: 0.9368676846378264  ; mcc:  5.242972895743056
Make prediction for 122596 samples...
2023-03-23 15:36:00.576065
predicting batch: 0
2023-03-23 15:36:01.574015
predicting batch: 1
2023-03-23 15:36:02.619317
predicting batch: 2
2023-03-23 15:36:03.644455
predicting batch: 3
2023-03-23 15:36:12.965301
predicting batch: 4
2023-03-23 15:36:13.735503
predicting batch: 5
2023-03-23 15:36:14.589842
predicting batch: 6
2023-03-23 15:36:15.581829
predicting batch: 7
2023-03-23 15:36:24.720108
predicting batch: 8
2023-03-23 15:36:25.584037
predicting batch: 9
2023-03-23 15:36:26.467249
predicting batch: 10
2023-03-23 15:36:27.591728
predicting batch: 11
2023-03-23 15:36:36.093659
predicting batch: 12
2023-03-23 15:36:36.912754
predicting batch: 13
2023-03-23 15:36:37.899461
predicting batch: 14
2023-03-23 15:36:38.952276
predicting batch: 15
2023-03-23 15:36:47.994516
predicting batch: 16
2023-03-23 15:36:48.918019
predicting batch: 17
2023-03-23 15:36:49.795247
predicting batch: 18
2023-03-23 15:36:50.631531
predicting batch: 19
2023-03-23 15:36:56.239489
predicting batch: 20
2023-03-23 15:36:57.078099
predicting batch: 21
2023-03-23 15:36:57.895408
predicting batch: 22
2023-03-23 15:36:58.592270
predicting batch: 23
2023-03-23 15:36:59.287422
predicting batch: 24
acc:  0.8875575059545173  ; prec:  0.4805414551607445  ; recall:  0.6278396096966001  ; f1:  0.5444029480781306  ; auc:  0.7732586674508322  ; spec: 0.9186777252050641  ; mcc:  0.4871590073879615
Make prediction for 5494417 samples...
/home/sunxiaojian/PPIPrediction/test_PSFastPPIModel.py:143: RuntimeWarning: overflow encountered in long_scalars
  test_mcc = (con_matrix[0][0]*con_matrix[1][1]-con_matrix[0][1]*con_matrix[1][0])/(((con_matrix[1][1]+con_matrix[0][1])*(con_matrix[1][1]+con_matrix[1][0])*(con_matrix[0][0]+con_matrix[0][1])*(con_matrix[0][0]+con_matrix[1][0]))**0.5)
2023-03-23 15:37:31.966316
predicting batch: 0
2023-03-23 15:37:32.903116
predicting batch: 1
2023-03-23 15:37:33.846360
predicting batch: 2
2023-03-23 15:37:34.877778
predicting batch: 3
2023-03-23 15:37:44.582991
predicting batch: 4
2023-03-23 15:37:45.272699
predicting batch: 5
2023-03-23 15:37:46.165502
predicting batch: 6
2023-03-23 15:37:47.207531
predicting batch: 7
2023-03-23 15:37:57.344595
predicting batch: 8
2023-03-23 15:37:58.274384
predicting batch: 9
2023-03-23 15:37:59.079716
predicting batch: 10
2023-03-23 15:38:00.264276
predicting batch: 11
2023-03-23 15:38:10.096811
predicting batch: 12
2023-03-23 15:38:10.989292
predicting batch: 13
2023-03-23 15:38:12.038538
predicting batch: 14
2023-03-23 15:38:13.084745
predicting batch: 15
2023-03-23 15:38:22.418518
predicting batch: 16
2023-03-23 15:38:23.351271
predicting batch: 17
2023-03-23 15:38:24.177884
predicting batch: 18
2023-03-23 15:38:25.450124
predicting batch: 19
2023-03-23 15:38:34.924743
predicting batch: 20
2023-03-23 15:38:35.895170
predicting batch: 21
2023-03-23 15:38:36.736340
predicting batch: 22
2023-03-23 15:38:37.964078
predicting batch: 23
2023-03-23 15:38:47.433328
predicting batch: 24
2023-03-23 15:38:48.399813
predicting batch: 25
2023-03-23 15:38:49.421524
predicting batch: 26
2023-03-23 15:38:50.490122
predicting batch: 27
2023-03-23 15:39:00.211293
predicting batch: 28
2023-03-23 15:39:01.150500
predicting batch: 29
2023-03-23 15:39:01.985095
predicting batch: 30
2023-03-23 15:39:03.266221
predicting batch: 31
2023-03-23 15:39:12.634343
predicting batch: 32
2023-03-23 15:39:13.412188
predicting batch: 33
2023-03-23 15:39:14.404306
predicting batch: 34
2023-03-23 15:39:15.609066
predicting batch: 35
2023-03-23 15:39:25.521956
predicting batch: 36
2023-03-23 15:39:26.490953
predicting batch: 37
2023-03-23 15:39:27.587846
predicting batch: 38
2023-03-23 15:39:28.670863
predicting batch: 39
2023-03-23 15:39:38.141667
predicting batch: 40
2023-03-23 15:39:39.052883
predicting batch: 41
2023-03-23 15:39:39.928369
predicting batch: 42
2023-03-23 15:39:41.178267
predicting batch: 43
2023-03-23 15:39:51.183405
predicting batch: 44
2023-03-23 15:39:52.122882
predicting batch: 45
2023-03-23 15:39:52.987114
predicting batch: 46
2023-03-23 15:39:54.194723
predicting batch: 47
2023-03-23 15:40:04.056742
predicting batch: 48
2023-03-23 15:40:05.025845
predicting batch: 49
2023-03-23 15:40:06.077946
predicting batch: 50
2023-03-23 15:40:07.168661
predicting batch: 51
2023-03-23 15:40:16.549478
predicting batch: 52
2023-03-23 15:40:17.496935
predicting batch: 53
2023-03-23 15:40:18.495048
predicting batch: 54
2023-03-23 15:40:19.586585
predicting batch: 55
2023-03-23 15:40:29.126127
predicting batch: 56
2023-03-23 15:40:30.128297
predicting batch: 57
2023-03-23 15:40:30.988142
predicting batch: 58
2023-03-23 15:40:32.308488
predicting batch: 59
2023-03-23 15:40:41.831179
predicting batch: 60
2023-03-23 15:40:42.730250
predicting batch: 61
2023-03-23 15:40:43.720604
predicting batch: 62
2023-03-23 15:40:44.803326
predicting batch: 63
2023-03-23 15:40:54.128233
predicting batch: 64
2023-03-23 15:40:55.084883
predicting batch: 65
2023-03-23 15:40:56.109809
predicting batch: 66
2023-03-23 15:40:57.221939
predicting batch: 67
2023-03-23 15:41:07.124439
predicting batch: 68
2023-03-23 15:41:08.142002
predicting batch: 69
2023-03-23 15:41:09.226659
predicting batch: 70
2023-03-23 15:41:10.308652
predicting batch: 71
2023-03-23 15:41:20.084068
predicting batch: 72
2023-03-23 15:41:21.059779
predicting batch: 73
2023-03-23 15:41:21.906838
predicting batch: 74
2023-03-23 15:41:23.051081
predicting batch: 75
2023-03-23 15:41:32.360767
predicting batch: 76
2023-03-23 15:41:33.248708
predicting batch: 77
2023-03-23 15:41:34.218369
predicting batch: 78
2023-03-23 15:41:35.494201
predicting batch: 79
2023-03-23 15:41:45.230766
predicting batch: 80
2023-03-23 15:41:46.124722
predicting batch: 81
2023-03-23 15:41:47.153990
predicting batch: 82
2023-03-23 15:41:48.433899
predicting batch: 83
2023-03-23 15:41:58.324539
predicting batch: 84
2023-03-23 15:41:59.305223
predicting batch: 85
2023-03-23 15:42:00.152469
predicting batch: 86
2023-03-23 15:42:01.388543
predicting batch: 87
2023-03-23 15:42:10.960556
predicting batch: 88
2023-03-23 15:42:11.915017
predicting batch: 89
2023-03-23 15:42:12.955258
predicting batch: 90
2023-03-23 15:42:14.057770
predicting batch: 91
2023-03-23 15:42:23.869880
predicting batch: 92
2023-03-23 15:42:24.871796
predicting batch: 93
2023-03-23 15:42:25.928115
predicting batch: 94
2023-03-23 15:42:27.055194
predicting batch: 95
2023-03-23 15:42:36.706257
predicting batch: 96
2023-03-23 15:42:37.603070
predicting batch: 97
2023-03-23 15:42:38.607037
predicting batch: 98
2023-03-23 15:42:39.908180
predicting batch: 99
2023-03-23 15:42:50.222056
predicting batch: 100
2023-03-23 15:42:51.194212
predicting batch: 101
2023-03-23 15:42:52.272675
predicting batch: 102
2023-03-23 15:42:53.398258
predicting batch: 103
2023-03-23 15:43:02.899857
predicting batch: 104
2023-03-23 15:43:03.927823
predicting batch: 105
2023-03-23 15:43:04.787742
predicting batch: 106
2023-03-23 15:43:06.092183
predicting batch: 107
2023-03-23 15:43:15.914310
predicting batch: 108
2023-03-23 15:43:16.915146
predicting batch: 109
2023-03-23 15:43:17.973730
predicting batch: 110
2023-03-23 15:43:19.093377
predicting batch: 111
2023-03-23 15:43:28.667895
predicting batch: 112
2023-03-23 15:43:29.654842
predicting batch: 113
2023-03-23 15:43:30.513539
predicting batch: 114
2023-03-23 15:43:31.792354
predicting batch: 115
2023-03-23 15:43:41.513145
predicting batch: 116
2023-03-23 15:43:42.523322
predicting batch: 117
2023-03-23 15:43:43.617020
predicting batch: 118
2023-03-23 15:43:44.815626
predicting batch: 119
2023-03-23 15:43:54.328404
predicting batch: 120
2023-03-23 15:43:55.288424
predicting batch: 121
2023-03-23 15:43:56.368822
predicting batch: 122
2023-03-23 15:43:57.474804
predicting batch: 123
2023-03-23 15:44:06.810512
predicting batch: 124
2023-03-23 15:44:07.795105
predicting batch: 125
2023-03-23 15:44:08.843127
predicting batch: 126
2023-03-23 15:44:09.966918
predicting batch: 127
2023-03-23 15:44:19.983913
predicting batch: 128
2023-03-23 15:44:20.956562
predicting batch: 129
2023-03-23 15:44:22.024698
predicting batch: 130
2023-03-23 15:44:23.172653
predicting batch: 131
2023-03-23 15:44:32.364800
predicting batch: 132
2023-03-23 15:44:33.322064
predicting batch: 133
2023-03-23 15:44:34.349756
predicting batch: 134
2023-03-23 15:44:35.463537
predicting batch: 135
2023-03-23 15:44:45.363133
predicting batch: 136
2023-03-23 15:44:46.380973
predicting batch: 137
2023-03-23 15:44:47.269514
predicting batch: 138
2023-03-23 15:44:48.574890
predicting batch: 139
2023-03-23 15:44:58.433772
predicting batch: 140
2023-03-23 15:44:59.374602
predicting batch: 141
2023-03-23 15:45:00.454416
predicting batch: 142
2023-03-23 15:45:01.559741
predicting batch: 143
2023-03-23 15:45:11.603540
predicting batch: 144
2023-03-23 15:45:12.593020
predicting batch: 145
2023-03-23 15:45:13.401816
predicting batch: 146
2023-03-23 15:45:14.653327
predicting batch: 147
2023-03-23 15:45:24.726699
predicting batch: 148
2023-03-23 15:45:25.625044
predicting batch: 149
2023-03-23 15:45:26.694351
predicting batch: 150
2023-03-23 15:45:27.763349
predicting batch: 151
2023-03-23 15:45:38.007433
predicting batch: 152
2023-03-23 15:45:38.811321
predicting batch: 153
2023-03-23 15:45:39.812000
predicting batch: 154
2023-03-23 15:45:40.931212
predicting batch: 155
2023-03-23 15:45:50.589612
predicting batch: 156
2023-03-23 15:45:51.511693
predicting batch: 157
2023-03-23 15:45:52.504625
predicting batch: 158
2023-03-23 15:45:53.832096
predicting batch: 159
2023-03-23 15:46:03.819666
predicting batch: 160
2023-03-23 15:46:04.730640
predicting batch: 161
2023-03-23 15:46:05.822048
predicting batch: 162
2023-03-23 15:46:06.921811
predicting batch: 163
2023-03-23 15:46:16.817615
predicting batch: 164
2023-03-23 15:46:17.802746
predicting batch: 165
2023-03-23 15:46:18.636846
predicting batch: 166
2023-03-23 15:46:19.697164
predicting batch: 167
2023-03-23 15:46:29.551743
predicting batch: 168
2023-03-23 15:46:30.503509
predicting batch: 169
2023-03-23 15:46:31.322354
predicting batch: 170
2023-03-23 15:46:32.592685
predicting batch: 171
2023-03-23 15:46:42.705008
predicting batch: 172
2023-03-23 15:46:43.695089
predicting batch: 173
2023-03-23 15:46:44.498178
predicting batch: 174
2023-03-23 15:46:45.562832
predicting batch: 175
2023-03-23 15:46:55.622830
predicting batch: 176
2023-03-23 15:46:56.406097
predicting batch: 177
2023-03-23 15:46:57.428370
predicting batch: 178
2023-03-23 15:46:58.669011
predicting batch: 179
2023-03-23 15:47:08.599390
predicting batch: 180
2023-03-23 15:47:09.565280
predicting batch: 181
2023-03-23 15:47:10.472181
predicting batch: 182
2023-03-23 15:47:11.765716
predicting batch: 183
2023-03-23 15:47:21.634012
predicting batch: 184
2023-03-23 15:47:22.659178
predicting batch: 185
2023-03-23 15:47:23.777050
predicting batch: 186
2023-03-23 15:47:24.933968
predicting batch: 187
2023-03-23 15:47:34.403974
predicting batch: 188
2023-03-23 15:47:35.423202
predicting batch: 189
2023-03-23 15:47:36.543590
predicting batch: 190
2023-03-23 15:47:37.678592
predicting batch: 191
2023-03-23 15:47:47.205808
predicting batch: 192
2023-03-23 15:47:48.213233
predicting batch: 193
2023-03-23 15:47:49.099764
predicting batch: 194
2023-03-23 15:47:50.396244
predicting batch: 195
2023-03-23 15:48:00.389395
predicting batch: 196
2023-03-23 15:48:01.401189
predicting batch: 197
2023-03-23 15:48:02.329103
predicting batch: 198
2023-03-23 15:48:03.681570
predicting batch: 199
2023-03-23 15:48:13.367694
predicting batch: 200
2023-03-23 15:48:14.409918
predicting batch: 201
2023-03-23 15:48:15.295886
predicting batch: 202
2023-03-23 15:48:16.443299
predicting batch: 203
2023-03-23 15:48:26.326766
predicting batch: 204
2023-03-23 15:48:27.333568
predicting batch: 205
2023-03-23 15:48:28.422542
predicting batch: 206
2023-03-23 15:48:29.553833
predicting batch: 207
2023-03-23 15:48:39.355621
predicting batch: 208
2023-03-23 15:48:40.350158
predicting batch: 209
2023-03-23 15:48:41.437524
predicting batch: 210
2023-03-23 15:48:42.544912
predicting batch: 211
2023-03-23 15:48:52.453343
predicting batch: 212
2023-03-23 15:48:53.461057
predicting batch: 213
2023-03-23 15:48:54.555470
predicting batch: 214
2023-03-23 15:48:55.688078
predicting batch: 215
2023-03-23 15:49:05.297183
predicting batch: 216
2023-03-23 15:49:06.279722
predicting batch: 217
2023-03-23 15:49:07.413508
predicting batch: 218
2023-03-23 15:49:08.534951
predicting batch: 219
2023-03-23 15:49:18.562825
predicting batch: 220
2023-03-23 15:49:19.547378
predicting batch: 221
2023-03-23 15:49:20.678619
predicting batch: 222
2023-03-23 15:49:21.825377
predicting batch: 223
2023-03-23 15:49:31.403254
predicting batch: 224
2023-03-23 15:49:32.362924
predicting batch: 225
2023-03-23 15:49:33.181274
predicting batch: 226
2023-03-23 15:49:34.391251
predicting batch: 227
2023-03-23 15:49:44.083359
predicting batch: 228
2023-03-23 15:49:45.123226
predicting batch: 229
2023-03-23 15:49:46.117236
predicting batch: 230
2023-03-23 15:49:47.233868
predicting batch: 231
2023-03-23 15:49:57.245529
predicting batch: 232
2023-03-23 15:49:58.227751
predicting batch: 233
2023-03-23 15:49:59.269345
predicting batch: 234
2023-03-23 15:50:00.353341
predicting batch: 235
2023-03-23 15:50:10.418123
predicting batch: 236
2023-03-23 15:50:11.354157
predicting batch: 237
2023-03-23 15:50:12.387100
predicting batch: 238
2023-03-23 15:50:13.694644
predicting batch: 239
2023-03-23 15:50:23.363331
predicting batch: 240
2023-03-23 15:50:24.299862
predicting batch: 241
2023-03-23 15:50:25.126068
predicting batch: 242
2023-03-23 15:50:26.365248
predicting batch: 243
2023-03-23 15:50:36.708104
predicting batch: 244
2023-03-23 15:50:37.633305
predicting batch: 245
2023-03-23 15:50:38.684457
predicting batch: 246
2023-03-23 15:50:39.772706
predicting batch: 247
2023-03-23 15:50:49.333372
predicting batch: 248
2023-03-23 15:50:50.301422
predicting batch: 249
2023-03-23 15:50:51.124173
predicting batch: 250
2023-03-23 15:50:52.399064
predicting batch: 251
2023-03-23 15:51:02.195524
predicting batch: 252
2023-03-23 15:51:03.124427
predicting batch: 253
2023-03-23 15:51:04.146495
predicting batch: 254
2023-03-23 15:51:05.246318
predicting batch: 255
2023-03-23 15:51:15.006087
predicting batch: 256
2023-03-23 15:51:15.952751
predicting batch: 257
2023-03-23 15:51:16.985760
predicting batch: 258
2023-03-23 15:51:18.073368
predicting batch: 259
2023-03-23 15:51:27.688129
predicting batch: 260
2023-03-23 15:51:28.627823
predicting batch: 261
2023-03-23 15:51:29.657542
predicting batch: 262
2023-03-23 15:51:30.744399
predicting batch: 263
2023-03-23 15:51:40.348272
predicting batch: 264
2023-03-23 15:51:41.289289
predicting batch: 265
2023-03-23 15:51:42.334813
predicting batch: 266
2023-03-23 15:51:43.430893
predicting batch: 267
2023-03-23 15:51:53.326664
predicting batch: 268
2023-03-23 15:51:54.125627
predicting batch: 269
2023-03-23 15:51:55.182183
predicting batch: 270
2023-03-23 15:51:56.255965
predicting batch: 271
2023-03-23 15:52:06.113214
predicting batch: 272
2023-03-23 15:52:07.154283
predicting batch: 273
2023-03-23 15:52:08.060654
predicting batch: 274
2023-03-23 15:52:09.194727
predicting batch: 275
2023-03-23 15:52:18.834710
predicting batch: 276
2023-03-23 15:52:19.765836
predicting batch: 277
2023-03-23 15:52:20.824566
predicting batch: 278
2023-03-23 15:52:22.182760
predicting batch: 279
2023-03-23 15:52:32.027058
predicting batch: 280
2023-03-23 15:52:33.044729
predicting batch: 281
2023-03-23 15:52:33.926379
predicting batch: 282
2023-03-23 15:52:35.219640
predicting batch: 283
2023-03-23 15:52:44.786613
predicting batch: 284
2023-03-23 15:52:45.851659
predicting batch: 285
2023-03-23 15:52:46.873372
predicting batch: 286
2023-03-23 15:52:47.976423
predicting batch: 287
2023-03-23 15:52:57.988196
predicting batch: 288
2023-03-23 15:52:58.993876
predicting batch: 289
2023-03-23 15:53:00.079075
predicting batch: 290
2023-03-23 15:53:01.194869
predicting batch: 291
2023-03-23 15:53:10.850056
predicting batch: 292
2023-03-23 15:53:11.870598
predicting batch: 293
2023-03-23 15:53:12.765947
predicting batch: 294
2023-03-23 15:53:14.048516
predicting batch: 295
2023-03-23 15:53:23.445584
predicting batch: 296
2023-03-23 15:53:24.445221
predicting batch: 297
2023-03-23 15:53:25.337741
predicting batch: 298
2023-03-23 15:53:26.598411
predicting batch: 299
2023-03-23 15:53:33.848944
predicting batch: 300
2023-03-23 15:53:34.957302
predicting batch: 301
2023-03-23 15:53:35.931048
predicting batch: 302
2023-03-23 15:53:38.075089
predicting batch: 303
2023-03-23 15:53:41.288470
predicting batch: 304
2023-03-23 15:53:45.074049
predicting batch: 305
2023-03-23 15:53:48.482962
predicting batch: 306
2023-03-23 15:53:51.672852
predicting batch: 307
2023-03-23 15:53:54.929925
predicting batch: 308
2023-03-23 15:53:58.466622
predicting batch: 309
2023-03-23 15:54:01.829163
predicting batch: 310
2023-03-23 15:54:05.071880
predicting batch: 311
2023-03-23 15:54:08.459233
predicting batch: 312
2023-03-23 15:54:11.445582
predicting batch: 313
2023-03-23 15:54:15.275547
predicting batch: 314
2023-03-23 15:54:18.345184
predicting batch: 315
2023-03-23 15:54:21.285617
predicting batch: 316
2023-03-23 15:54:24.768881
predicting batch: 317
2023-03-23 15:54:28.100633
predicting batch: 318
2023-03-23 15:54:31.326960
predicting batch: 319
2023-03-23 15:54:34.536583
predicting batch: 320
2023-03-23 15:54:37.490704
predicting batch: 321
2023-03-23 15:54:41.187291
predicting batch: 322
2023-03-23 15:54:44.504141
predicting batch: 323
2023-03-23 15:54:47.800558
predicting batch: 324
2023-03-23 15:54:51.120601
predicting batch: 325
2023-03-23 15:54:54.672604
predicting batch: 326
2023-03-23 15:54:57.978472
predicting batch: 327
2023-03-23 15:55:01.304090
predicting batch: 328
2023-03-23 15:55:04.620013
predicting batch: 329
2023-03-23 15:55:08.288121
predicting batch: 330
2023-03-23 15:55:11.657413
predicting batch: 331
2023-03-23 15:55:14.984392
predicting batch: 332
2023-03-23 15:55:18.191842
predicting batch: 333
2023-03-23 15:55:21.370670
predicting batch: 334
2023-03-23 15:55:24.892731
predicting batch: 335
2023-03-23 15:55:28.323354
predicting batch: 336
2023-03-23 15:55:31.616612
predicting batch: 337
2023-03-23 15:55:34.963476
predicting batch: 338
2023-03-23 15:55:38.520755
predicting batch: 339
2023-03-23 15:55:41.950920
predicting batch: 340
2023-03-23 15:55:45.350311
predicting batch: 341
2023-03-23 15:55:48.712449
predicting batch: 342
2023-03-23 15:55:52.127116
predicting batch: 343
2023-03-23 15:55:55.494721
predicting batch: 344
2023-03-23 15:55:58.857124
predicting batch: 345
2023-03-23 15:56:02.250556
predicting batch: 346
2023-03-23 15:56:05.590432
predicting batch: 347
2023-03-23 15:56:08.988306
predicting batch: 348
2023-03-23 15:56:12.352789
predicting batch: 349
2023-03-23 15:56:15.400766
predicting batch: 350
2023-03-23 15:56:18.956379
predicting batch: 351
2023-03-23 15:56:22.339867
predicting batch: 352
2023-03-23 15:56:25.712219
predicting batch: 353
2023-03-23 15:56:29.211075
predicting batch: 354
2023-03-23 15:56:32.912978
predicting batch: 355
2023-03-23 15:56:36.264136
predicting batch: 356
2023-03-23 15:56:39.674567
predicting batch: 357
2023-03-23 15:56:42.848538
predicting batch: 358
2023-03-23 15:56:46.367276
predicting batch: 359
2023-03-23 15:56:49.831089
predicting batch: 360
2023-03-23 15:56:53.275852
predicting batch: 361
2023-03-23 15:56:56.690189
predicting batch: 362
2023-03-23 15:57:00.012713
predicting batch: 363
2023-03-23 15:57:03.640022
predicting batch: 364
2023-03-23 15:57:06.943573
predicting batch: 365
2023-03-23 15:57:10.395726
predicting batch: 366
2023-03-23 15:57:13.764093
predicting batch: 367
2023-03-23 15:57:17.215687
predicting batch: 368
2023-03-23 15:57:20.910075
predicting batch: 369
2023-03-23 15:57:24.259674
predicting batch: 370
2023-03-23 15:57:27.564449
predicting batch: 371
2023-03-23 15:57:31.137454
predicting batch: 372
2023-03-23 15:57:34.558185
predicting batch: 373
2023-03-23 15:57:37.938749
predicting batch: 374
2023-03-23 15:57:41.154572
predicting batch: 375
2023-03-23 15:57:44.613464
predicting batch: 376
2023-03-23 15:57:48.022929
predicting batch: 377
2023-03-23 15:57:51.332756
predicting batch: 378
2023-03-23 15:57:54.744534
predicting batch: 379
2023-03-23 15:57:58.135702
predicting batch: 380
2023-03-23 15:58:01.592847
predicting batch: 381
2023-03-23 15:58:05.075601
predicting batch: 382
2023-03-23 15:58:08.442972
predicting batch: 383
2023-03-23 15:58:11.643848
predicting batch: 384
2023-03-23 15:58:15.139375
predicting batch: 385
2023-03-23 15:58:18.300807
predicting batch: 386
2023-03-23 15:58:21.788424
predicting batch: 387
2023-03-23 15:58:25.169194
predicting batch: 388
2023-03-23 15:58:28.431516
predicting batch: 389
2023-03-23 15:58:31.867670
predicting batch: 390
2023-03-23 15:58:34.983921
predicting batch: 391
2023-03-23 15:58:38.528911
predicting batch: 392
2023-03-23 15:58:41.783461
predicting batch: 393
2023-03-23 15:58:45.103208
predicting batch: 394
2023-03-23 15:58:48.421388
predicting batch: 395
2023-03-23 15:58:51.768410
predicting batch: 396
2023-03-23 15:58:55.014537
predicting batch: 397
2023-03-23 15:58:58.360652
predicting batch: 398
2023-03-23 15:59:01.395049
predicting batch: 399
2023-03-23 15:59:04.849690
predicting batch: 400
2023-03-23 15:59:08.131234
predicting batch: 401
2023-03-23 15:59:11.579820
predicting batch: 402
2023-03-23 15:59:14.941710
predicting batch: 403
2023-03-23 15:59:18.393333
predicting batch: 404
2023-03-23 15:59:21.566016
predicting batch: 405
2023-03-23 15:59:24.849711
predicting batch: 406
2023-03-23 15:59:28.196303
predicting batch: 407
2023-03-23 15:59:31.679312
predicting batch: 408
2023-03-23 15:59:35.244841
predicting batch: 409
2023-03-23 15:59:39.017312
predicting batch: 410
2023-03-23 15:59:42.349917
predicting batch: 411
2023-03-23 15:59:45.695250
predicting batch: 412
2023-03-23 15:59:49.109488
predicting batch: 413
2023-03-23 15:59:52.460571
predicting batch: 414
2023-03-23 15:59:55.758788
predicting batch: 415
2023-03-23 15:59:59.102394
predicting batch: 416
2023-03-23 16:00:02.699229
predicting batch: 417
2023-03-23 16:00:05.958352
predicting batch: 418
2023-03-23 16:00:09.299034
predicting batch: 419
2023-03-23 16:00:12.793926
predicting batch: 420
2023-03-23 16:00:16.411087
predicting batch: 421
2023-03-23 16:00:20.121579
predicting batch: 422
2023-03-23 16:00:23.615363
predicting batch: 423
2023-03-23 16:00:27.203244
predicting batch: 424
2023-03-23 16:00:30.666324
predicting batch: 425
2023-03-23 16:00:34.169086
predicting batch: 426
2023-03-23 16:00:37.589801
predicting batch: 427
2023-03-23 16:00:40.845066
predicting batch: 428
2023-03-23 16:00:43.990080
predicting batch: 429
2023-03-23 16:00:47.372755
predicting batch: 430
2023-03-23 16:00:50.945785
predicting batch: 431
2023-03-23 16:00:54.218481
predicting batch: 432
2023-03-23 16:00:57.667207
predicting batch: 433
2023-03-23 16:01:01.063712
predicting batch: 434
2023-03-23 16:01:04.551065
predicting batch: 435
2023-03-23 16:01:07.846718
predicting batch: 436
2023-03-23 16:01:11.560042
predicting batch: 437
2023-03-23 16:01:14.931226
predicting batch: 438
2023-03-23 16:01:17.941769
predicting batch: 439
2023-03-23 16:01:21.310806
predicting batch: 440
2023-03-23 16:01:24.772466
predicting batch: 441
2023-03-23 16:01:28.116042
predicting batch: 442
2023-03-23 16:01:31.397751
predicting batch: 443
2023-03-23 16:01:34.425671
predicting batch: 444
2023-03-23 16:01:37.927734
predicting batch: 445
2023-03-23 16:01:41.250700
predicting batch: 446
2023-03-23 16:01:44.442832
predicting batch: 447
2023-03-23 16:01:47.997718
predicting batch: 448
2023-03-23 16:01:51.271734
predicting batch: 449
2023-03-23 16:01:54.576659
predicting batch: 450
2023-03-23 16:01:58.161683
predicting batch: 451
2023-03-23 16:02:01.414363
predicting batch: 452
2023-03-23 16:02:04.812292
predicting batch: 453
2023-03-23 16:02:08.082260
predicting batch: 454
2023-03-23 16:02:11.431281
predicting batch: 455
2023-03-23 16:02:14.700242
predicting batch: 456
2023-03-23 16:02:18.251658
predicting batch: 457
2023-03-23 16:02:21.756144
predicting batch: 458
2023-03-23 16:02:25.215532
predicting batch: 459
2023-03-23 16:02:28.782620
predicting batch: 460
2023-03-23 16:02:32.354633
predicting batch: 461
2023-03-23 16:02:35.747698
predicting batch: 462
2023-03-23 16:02:38.971848
predicting batch: 463
2023-03-23 16:02:42.196489
predicting batch: 464
2023-03-23 16:02:45.629825
predicting batch: 465
2023-03-23 16:02:48.902506
predicting batch: 466
2023-03-23 16:02:52.297862
predicting batch: 467
2023-03-23 16:02:55.665975
predicting batch: 468
2023-03-23 16:02:58.844258
predicting batch: 469
2023-03-23 16:03:02.541236
predicting batch: 470
2023-03-23 16:03:05.914769
predicting batch: 471
2023-03-23 16:03:09.311124
predicting batch: 472
2023-03-23 16:03:12.796181
predicting batch: 473
2023-03-23 16:03:16.111085
predicting batch: 474
2023-03-23 16:03:19.685351
predicting batch: 475
2023-03-23 16:03:23.065440
predicting batch: 476
2023-03-23 16:03:26.457882
predicting batch: 477
2023-03-23 16:03:29.735174
predicting batch: 478
2023-03-23 16:03:33.063549
predicting batch: 479
2023-03-23 16:03:36.407598
predicting batch: 480
2023-03-23 16:03:39.689241
predicting batch: 481
2023-03-23 16:03:43.022533
predicting batch: 482
2023-03-23 16:03:46.432532
predicting batch: 483
2023-03-23 16:03:49.671801
predicting batch: 484
2023-03-23 16:03:53.069851
predicting batch: 485
2023-03-23 16:03:56.413492
predicting batch: 486
2023-03-23 16:03:59.682263
predicting batch: 487
2023-03-23 16:04:02.769668
predicting batch: 488
2023-03-23 16:04:06.326518
predicting batch: 489
2023-03-23 16:04:09.556123
predicting batch: 490
2023-03-23 16:04:12.782501
predicting batch: 491
2023-03-23 16:04:16.180863
predicting batch: 492
2023-03-23 16:04:19.698461
predicting batch: 493
2023-03-23 16:04:23.301321
predicting batch: 494
2023-03-23 16:04:26.627330
predicting batch: 495
2023-03-23 16:04:29.970422
predicting batch: 496
2023-03-23 16:04:33.167686
predicting batch: 497
2023-03-23 16:04:36.493285
predicting batch: 498
2023-03-23 16:04:39.930080
predicting batch: 499
2023-03-23 16:04:43.245235
predicting batch: 500
2023-03-23 16:04:46.660514
predicting batch: 501
2023-03-23 16:04:49.999221
predicting batch: 502
2023-03-23 16:04:53.337436
predicting batch: 503
2023-03-23 16:04:57.007948
predicting batch: 504
2023-03-23 16:05:00.318770
predicting batch: 505
2023-03-23 16:05:03.751971
predicting batch: 506
2023-03-23 16:05:06.897053
predicting batch: 507
2023-03-23 16:05:10.388002
predicting batch: 508
2023-03-23 16:05:14.054685
predicting batch: 509
2023-03-23 16:05:17.342240
predicting batch: 510
2023-03-23 16:05:20.650652
predicting batch: 511
2023-03-23 16:05:23.826101
predicting batch: 512
2023-03-23 16:05:27.331908
predicting batch: 513
2023-03-23 16:05:30.622280
predicting batch: 514
2023-03-23 16:05:33.970561
predicting batch: 515
2023-03-23 16:05:37.370211
predicting batch: 516
2023-03-23 16:05:40.994941
predicting batch: 517
2023-03-23 16:05:44.550494
predicting batch: 518
2023-03-23 16:05:48.114497
predicting batch: 519
2023-03-23 16:05:51.528278
predicting batch: 520
2023-03-23 16:05:54.989962
predicting batch: 521
2023-03-23 16:05:58.256504
predicting batch: 522
2023-03-23 16:06:01.618959
predicting batch: 523
2023-03-23 16:06:04.941069
predicting batch: 524
2023-03-23 16:06:08.589421
predicting batch: 525
2023-03-23 16:06:11.958781
predicting batch: 526
2023-03-23 16:06:15.367502
predicting batch: 527
2023-03-23 16:06:18.929700
predicting batch: 528
2023-03-23 16:06:22.320588
predicting batch: 529
2023-03-23 16:06:25.643421
predicting batch: 530
2023-03-23 16:06:29.124253
predicting batch: 531
2023-03-23 16:06:32.315642
predicting batch: 532
2023-03-23 16:06:35.743973
predicting batch: 533
2023-03-23 16:06:39.106109
predicting batch: 534
2023-03-23 16:06:42.459446
predicting batch: 535
2023-03-23 16:06:45.966255
predicting batch: 536
2023-03-23 16:06:49.455802
predicting batch: 537
2023-03-23 16:06:52.745329
predicting batch: 538
2023-03-23 16:06:56.314316
predicting batch: 539
2023-03-23 16:06:59.476292
predicting batch: 540
2023-03-23 16:07:02.976119
predicting batch: 541
2023-03-23 16:07:06.449146
predicting batch: 542
2023-03-23 16:07:09.871437
predicting batch: 543
2023-03-23 16:07:13.150876
predicting batch: 544
2023-03-23 16:07:16.103384
predicting batch: 545
2023-03-23 16:07:19.404731
predicting batch: 546
2023-03-23 16:07:22.781236
predicting batch: 547
2023-03-23 16:07:26.292644
predicting batch: 548
2023-03-23 16:07:29.649647
predicting batch: 549
2023-03-23 16:07:33.149465
predicting batch: 550
2023-03-23 16:07:36.881844
predicting batch: 551
2023-03-23 16:07:40.297835
predicting batch: 552
2023-03-23 16:07:44.102861
predicting batch: 553
2023-03-23 16:07:47.374684
predicting batch: 554
2023-03-23 16:07:50.869297
predicting batch: 555
2023-03-23 16:07:54.435235
predicting batch: 556
2023-03-23 16:07:57.815047
predicting batch: 557
2023-03-23 16:08:01.140041
predicting batch: 558
2023-03-23 16:08:04.583093
predicting batch: 559
2023-03-23 16:08:07.909336
predicting batch: 560
2023-03-23 16:08:11.051956
predicting batch: 561
2023-03-23 16:08:14.523077
predicting batch: 562
2023-03-23 16:08:17.843827
predicting batch: 563
2023-03-23 16:08:21.050454
predicting batch: 564
2023-03-23 16:08:24.613986
predicting batch: 565
2023-03-23 16:08:28.406009
predicting batch: 566
2023-03-23 16:08:31.738715
predicting batch: 567
2023-03-23 16:08:35.076651
predicting batch: 568
2023-03-23 16:08:38.294473
predicting batch: 569
2023-03-23 16:08:41.759738
predicting batch: 570
2023-03-23 16:08:45.150166
predicting batch: 571
2023-03-23 16:08:48.495349
predicting batch: 572
2023-03-23 16:08:51.834468
predicting batch: 573
2023-03-23 16:08:55.118303
predicting batch: 574
2023-03-23 16:08:58.408897
predicting batch: 575
2023-03-23 16:09:02.015640
predicting batch: 576
2023-03-23 16:09:05.371694
predicting batch: 577
2023-03-23 16:09:08.818190
predicting batch: 578
2023-03-23 16:09:12.437422
predicting batch: 579
2023-03-23 16:09:15.753732
predicting batch: 580
2023-03-23 16:09:19.079410
predicting batch: 581
2023-03-23 16:09:22.204023
predicting batch: 582
2023-03-23 16:09:25.449432
predicting batch: 583
2023-03-23 16:09:28.797297
predicting batch: 584
2023-03-23 16:09:32.235189
predicting batch: 585
2023-03-23 16:09:35.718117
predicting batch: 586
2023-03-23 16:09:39.195105
predicting batch: 587
2023-03-23 16:09:42.995305
predicting batch: 588
2023-03-23 16:09:46.244967
predicting batch: 589
2023-03-23 16:09:49.552946
predicting batch: 590
2023-03-23 16:09:52.929213
predicting batch: 591
2023-03-23 16:09:56.263086
predicting batch: 592
2023-03-23 16:09:59.793597
predicting batch: 593
2023-03-23 16:10:03.046229
predicting batch: 594
2023-03-23 16:10:06.443492
predicting batch: 595
2023-03-23 16:10:09.856975
predicting batch: 596
2023-03-23 16:10:13.312027
predicting batch: 597
2023-03-23 16:10:16.538755
predicting batch: 598
2023-03-23 16:10:19.896816
predicting batch: 599
2023-03-23 16:10:23.324931
predicting batch: 600
2023-03-23 16:10:26.457039
predicting batch: 601
2023-03-23 16:10:29.813104
predicting batch: 602
2023-03-23 16:10:33.194050
predicting batch: 603
2023-03-23 16:10:36.549072
predicting batch: 604
2023-03-23 16:10:39.838376
predicting batch: 605
2023-03-23 16:10:43.584653
predicting batch: 606
2023-03-23 16:10:46.987474
predicting batch: 607
2023-03-23 16:10:50.570030
predicting batch: 608
2023-03-23 16:10:53.769906
predicting batch: 609
2023-03-23 16:10:57.135817
predicting batch: 610
2023-03-23 16:11:00.992841
predicting batch: 611
2023-03-23 16:11:04.242421
predicting batch: 612
2023-03-23 16:11:07.647327
predicting batch: 613
2023-03-23 16:11:10.791139
predicting batch: 614
2023-03-23 16:11:14.461090
predicting batch: 615
2023-03-23 16:11:17.885386
predicting batch: 616
2023-03-23 16:11:21.146555
predicting batch: 617
2023-03-23 16:11:24.537771
predicting batch: 618
2023-03-23 16:11:27.837333
predicting batch: 619
2023-03-23 16:11:31.357921
predicting batch: 620
2023-03-23 16:11:34.847861
predicting batch: 621
2023-03-23 16:11:38.041184
predicting batch: 622
2023-03-23 16:11:41.358102
predicting batch: 623
2023-03-23 16:11:44.732316
predicting batch: 624
2023-03-23 16:11:48.119942
predicting batch: 625
2023-03-23 16:11:51.745678
predicting batch: 626
2023-03-23 16:11:55.001509
predicting batch: 627
2023-03-23 16:11:58.276017
predicting batch: 628
2023-03-23 16:12:01.530748
predicting batch: 629
2023-03-23 16:12:05.044026
predicting batch: 630
2023-03-23 16:12:08.463095
predicting batch: 631
2023-03-23 16:12:11.865038
predicting batch: 632
2023-03-23 16:12:15.031733
predicting batch: 633
2023-03-23 16:12:18.382459
predicting batch: 634
2023-03-23 16:12:21.819818
predicting batch: 635
2023-03-23 16:12:25.223961
predicting batch: 636
2023-03-23 16:12:28.408823
predicting batch: 637
2023-03-23 16:12:32.101841
predicting batch: 638
2023-03-23 16:12:35.434105
predicting batch: 639
2023-03-23 16:12:38.807404
predicting batch: 640
2023-03-23 16:12:42.283778
predicting batch: 641
2023-03-23 16:12:45.580546
predicting batch: 642
2023-03-23 16:12:48.908683
predicting batch: 643
2023-03-23 16:12:52.062155
predicting batch: 644
2023-03-23 16:12:55.303399
predicting batch: 645
2023-03-23 16:12:58.928885
predicting batch: 646
2023-03-23 16:13:02.230736
predicting batch: 647
2023-03-23 16:13:05.509503
predicting batch: 648
2023-03-23 16:13:08.550713
predicting batch: 649
2023-03-23 16:13:12.035138
predicting batch: 650
2023-03-23 16:13:15.284413
predicting batch: 651
2023-03-23 16:13:18.646810
predicting batch: 652
2023-03-23 16:13:22.030305
predicting batch: 653
2023-03-23 16:13:25.560692
predicting batch: 654
2023-03-23 16:13:29.153325
predicting batch: 655
2023-03-23 16:13:32.429023
predicting batch: 656
2023-03-23 16:13:35.846753
predicting batch: 657
2023-03-23 16:13:39.096513
predicting batch: 658
2023-03-23 16:13:42.296010
predicting batch: 659
2023-03-23 16:13:45.642733
predicting batch: 660
2023-03-23 16:13:48.947086
predicting batch: 661
2023-03-23 16:13:52.079198
predicting batch: 662
2023-03-23 16:13:55.544873
predicting batch: 663
2023-03-23 16:13:59.384227
predicting batch: 664
2023-03-23 16:14:02.812722
predicting batch: 665
2023-03-23 16:14:06.212944
predicting batch: 666
2023-03-23 16:14:09.466738
predicting batch: 667
2023-03-23 16:14:12.979621
predicting batch: 668
2023-03-23 16:14:16.194613
predicting batch: 669
2023-03-23 16:14:19.975027
predicting batch: 670
2023-03-23 16:14:23.340821
predicting batch: 671
2023-03-23 16:14:26.671686
predicting batch: 672
2023-03-23 16:14:29.951837
predicting batch: 673
2023-03-23 16:14:33.392220
predicting batch: 674
2023-03-23 16:14:37.241075
predicting batch: 675
2023-03-23 16:14:40.476151
predicting batch: 676
2023-03-23 16:14:43.737602
predicting batch: 677
2023-03-23 16:14:47.093701
predicting batch: 678
2023-03-23 16:14:50.425109
predicting batch: 679
2023-03-23 16:14:53.647373
predicting batch: 680
2023-03-23 16:14:57.363605
predicting batch: 681
2023-03-23 16:15:00.684750
predicting batch: 682
2023-03-23 16:15:04.059588
predicting batch: 683
2023-03-23 16:15:07.487227
predicting batch: 684
2023-03-23 16:15:11.188374
predicting batch: 685
2023-03-23 16:15:14.611309
predicting batch: 686
2023-03-23 16:15:18.185309
predicting batch: 687
2023-03-23 16:15:21.532758
predicting batch: 688
2023-03-23 16:15:24.862449
predicting batch: 689
2023-03-23 16:15:28.400542
predicting batch: 690
2023-03-23 16:15:31.932073
predicting batch: 691
2023-03-23 16:15:35.256776
predicting batch: 692
2023-03-23 16:15:38.599456
predicting batch: 693
2023-03-23 16:15:41.676188
predicting batch: 694
2023-03-23 16:15:45.233846
predicting batch: 695
2023-03-23 16:15:48.472192
predicting batch: 696
2023-03-23 16:15:51.862756
predicting batch: 697
2023-03-23 16:15:55.295204
predicting batch: 698
2023-03-23 16:15:58.356191
predicting batch: 699
2023-03-23 16:16:02.039177
predicting batch: 700
2023-03-23 16:16:05.343395
predicting batch: 701
2023-03-23 16:16:08.666192
predicting batch: 702
2023-03-23 16:16:12.048492
predicting batch: 703
2023-03-23 16:16:15.262964
predicting batch: 704
2023-03-23 16:16:18.895146
predicting batch: 705
2023-03-23 16:16:22.250104
predicting batch: 706
2023-03-23 16:16:25.620856
predicting batch: 707
2023-03-23 16:16:28.852153
predicting batch: 708
2023-03-23 16:16:32.296065
predicting batch: 709
2023-03-23 16:16:35.614957
predicting batch: 710
2023-03-23 16:16:38.856601
predicting batch: 711
2023-03-23 16:16:42.267479
predicting batch: 712
2023-03-23 16:16:45.402241
predicting batch: 713
2023-03-23 16:16:49.258082
predicting batch: 714
2023-03-23 16:16:52.590176
predicting batch: 715
2023-03-23 16:16:55.972273
predicting batch: 716
2023-03-23 16:16:59.360949
predicting batch: 717
2023-03-23 16:17:02.571916
predicting batch: 718
2023-03-23 16:17:06.058005
predicting batch: 719
2023-03-23 16:17:09.394159
predicting batch: 720
2023-03-23 16:17:12.561698
predicting batch: 721
2023-03-23 16:17:16.009868
predicting batch: 722
2023-03-23 16:17:19.279239
predicting batch: 723
2023-03-23 16:17:22.735348
predicting batch: 724
2023-03-23 16:17:26.106046
predicting batch: 725
2023-03-23 16:17:29.632196
predicting batch: 726
2023-03-23 16:17:32.830236
predicting batch: 727
2023-03-23 16:17:36.433302
predicting batch: 728
2023-03-23 16:17:39.958585
predicting batch: 729
2023-03-23 16:17:43.366192
predicting batch: 730
2023-03-23 16:17:46.739038
predicting batch: 731
2023-03-23 16:17:50.162697
predicting batch: 732
2023-03-23 16:17:53.613564
predicting batch: 733
2023-03-23 16:17:56.972014
predicting batch: 734
2023-03-23 16:18:00.194216
predicting batch: 735
2023-03-23 16:18:03.452004
predicting batch: 736
2023-03-23 16:18:06.743240
predicting batch: 737
2023-03-23 16:18:09.886261
predicting batch: 738
2023-03-23 16:18:13.480894
predicting batch: 739
2023-03-23 16:18:16.847319
predicting batch: 740
2023-03-23 16:18:20.108987
predicting batch: 741
2023-03-23 16:18:23.684999
predicting batch: 742
2023-03-23 16:18:27.213690
predicting batch: 743
2023-03-23 16:18:30.571072
predicting batch: 744
2023-03-23 16:18:33.842605
predicting batch: 745
2023-03-23 16:18:37.226465
predicting batch: 746
2023-03-23 16:18:40.888972
predicting batch: 747
2023-03-23 16:18:44.213212
predicting batch: 748
2023-03-23 16:18:47.608338
predicting batch: 749
2023-03-23 16:18:51.063075
predicting batch: 750
2023-03-23 16:18:54.331860
predicting batch: 751
2023-03-23 16:18:57.565209
predicting batch: 752
2023-03-23 16:19:01.159503
predicting batch: 753
2023-03-23 16:19:04.414177
predicting batch: 754
2023-03-23 16:19:07.788778
predicting batch: 755
2023-03-23 16:19:11.210710
predicting batch: 756
2023-03-23 16:19:14.529081
predicting batch: 757
2023-03-23 16:19:18.168918
predicting batch: 758
2023-03-23 16:19:21.575783
predicting batch: 759
2023-03-23 16:19:24.828169
predicting batch: 760
2023-03-23 16:19:28.211516
predicting batch: 761
2023-03-23 16:19:31.629978
predicting batch: 762
2023-03-23 16:19:34.993558
predicting batch: 763
2023-03-23 16:19:38.477318
predicting batch: 764
2023-03-23 16:19:42.007693
predicting batch: 765
2023-03-23 16:19:45.539544
predicting batch: 766
2023-03-23 16:19:48.797909
predicting batch: 767
2023-03-23 16:19:52.251344
predicting batch: 768
2023-03-23 16:19:55.319617
predicting batch: 769
2023-03-23 16:19:59.002787
predicting batch: 770
2023-03-23 16:20:02.384267
predicting batch: 771
2023-03-23 16:20:05.803229
predicting batch: 772
2023-03-23 16:20:09.234430
predicting batch: 773
2023-03-23 16:20:12.603198
predicting batch: 774
2023-03-23 16:20:16.120701
predicting batch: 775
2023-03-23 16:20:19.741296
predicting batch: 776
2023-03-23 16:20:23.127094
predicting batch: 777
2023-03-23 16:20:26.552844
predicting batch: 778
2023-03-23 16:20:29.959484
predicting batch: 779
2023-03-23 16:20:33.300834
predicting batch: 780
2023-03-23 16:20:36.697880
predicting batch: 781
2023-03-23 16:20:39.991625
predicting batch: 782
2023-03-23 16:20:43.572303
predicting batch: 783
2023-03-23 16:20:46.922584
predicting batch: 784
2023-03-23 16:20:50.432235
predicting batch: 785
2023-03-23 16:20:53.955782
predicting batch: 786
2023-03-23 16:20:57.485226
predicting batch: 787
2023-03-23 16:21:00.763534
predicting batch: 788
2023-03-23 16:21:04.110925
predicting batch: 789
2023-03-23 16:21:07.523804
predicting batch: 790
2023-03-23 16:21:10.967629
predicting batch: 791
2023-03-23 16:21:14.371388
predicting batch: 792
2023-03-23 16:21:17.823637
predicting batch: 793
2023-03-23 16:21:21.090063
predicting batch: 794
2023-03-23 16:21:24.653210
predicting batch: 795
2023-03-23 16:21:28.027088
predicting batch: 796
2023-03-23 16:21:31.329489
predicting batch: 797
2023-03-23 16:21:34.765072
predicting batch: 798
2023-03-23 16:21:38.245435
predicting batch: 799
2023-03-23 16:21:41.784856
predicting batch: 800
2023-03-23 16:21:45.154544
predicting batch: 801
2023-03-23 16:21:48.355916
predicting batch: 802
2023-03-23 16:21:51.812953
predicting batch: 803
2023-03-23 16:21:55.114979
predicting batch: 804
2023-03-23 16:21:58.808567
predicting batch: 805
2023-03-23 16:22:02.221303
predicting batch: 806
2023-03-23 16:22:05.444734
predicting batch: 807
2023-03-23 16:22:08.818389
predicting batch: 808
2023-03-23 16:22:12.120526
predicting batch: 809
2023-03-23 16:22:15.623910
predicting batch: 810
2023-03-23 16:22:18.927091
predicting batch: 811
2023-03-23 16:22:22.367458
predicting batch: 812
2023-03-23 16:22:25.537254
predicting batch: 813
2023-03-23 16:22:29.067545
predicting batch: 814
2023-03-23 16:22:32.398823
predicting batch: 815
2023-03-23 16:22:35.897718
predicting batch: 816
2023-03-23 16:22:39.255519
predicting batch: 817
2023-03-23 16:22:42.610405
predicting batch: 818
2023-03-23 16:22:45.830019
predicting batch: 819
2023-03-23 16:22:49.196593
predicting batch: 820
2023-03-23 16:22:52.665909
predicting batch: 821
2023-03-23 16:22:56.017489
predicting batch: 822
2023-03-23 16:22:59.384760
predicting batch: 823
2023-03-23 16:23:02.745690
predicting batch: 824
2023-03-23 16:23:05.855958
predicting batch: 825
2023-03-23 16:23:09.354375
predicting batch: 826
2023-03-23 16:23:12.620802
predicting batch: 827
2023-03-23 16:23:15.988395
predicting batch: 828
2023-03-23 16:23:19.354325
predicting batch: 829
2023-03-23 16:23:22.547756
predicting batch: 830
2023-03-23 16:23:25.781878
predicting batch: 831
2023-03-23 16:23:29.232007
predicting batch: 832
2023-03-23 16:23:32.401964
predicting batch: 833
2023-03-23 16:23:35.739496
predicting batch: 834
2023-03-23 16:23:39.162839
predicting batch: 835
2023-03-23 16:23:42.483863
predicting batch: 836
2023-03-23 16:23:45.968752
predicting batch: 837
2023-03-23 16:23:49.287976
predicting batch: 838
2023-03-23 16:23:52.715124
predicting batch: 839
2023-03-23 16:23:56.072148
predicting batch: 840
2023-03-23 16:23:59.393113
predicting batch: 841
2023-03-23 16:24:02.851895
predicting batch: 842
2023-03-23 16:24:06.214517
predicting batch: 843
2023-03-23 16:24:09.593973
predicting batch: 844
2023-03-23 16:24:13.241392
predicting batch: 845
2023-03-23 16:24:16.673460
predicting batch: 846
2023-03-23 16:24:19.949481
predicting batch: 847
2023-03-23 16:24:23.288197
predicting batch: 848
2023-03-23 16:24:26.997187
predicting batch: 849
2023-03-23 16:24:30.280833
predicting batch: 850
2023-03-23 16:24:33.699913
predicting batch: 851
2023-03-23 16:24:36.926783
predicting batch: 852
2023-03-23 16:24:40.430286
predicting batch: 853
2023-03-23 16:24:43.845556
predicting batch: 854
2023-03-23 16:24:47.237154
predicting batch: 855
2023-03-23 16:24:50.547983
predicting batch: 856
2023-03-23 16:24:53.790812
predicting batch: 857
2023-03-23 16:24:56.970576
predicting batch: 858
2023-03-23 16:25:00.498292
predicting batch: 859
2023-03-23 16:25:03.714713
predicting batch: 860
2023-03-23 16:25:07.000628
predicting batch: 861
2023-03-23 16:25:10.430557
predicting batch: 862
2023-03-23 16:25:13.932793
predicting batch: 863
2023-03-23 16:25:17.466664
predicting batch: 864
2023-03-23 16:25:21.146639
predicting batch: 865
2023-03-23 16:25:24.396776
predicting batch: 866
2023-03-23 16:25:27.789903
predicting batch: 867
2023-03-23 16:25:31.289542
predicting batch: 868
2023-03-23 16:25:34.597358
predicting batch: 869
2023-03-23 16:25:37.799296
predicting batch: 870
2023-03-23 16:25:41.444534
predicting batch: 871
2023-03-23 16:25:44.805831
predicting batch: 872
2023-03-23 16:25:48.309510
predicting batch: 873
2023-03-23 16:25:51.680239
predicting batch: 874
2023-03-23 16:25:55.178744
predicting batch: 875
2023-03-23 16:25:58.605868
predicting batch: 876
2023-03-23 16:26:01.987532
predicting batch: 877
2023-03-23 16:26:05.472378
predicting batch: 878
2023-03-23 16:26:08.691399
predicting batch: 879
2023-03-23 16:26:12.204138
predicting batch: 880
2023-03-23 16:26:15.643849
predicting batch: 881
2023-03-23 16:26:19.025306
predicting batch: 882
2023-03-23 16:26:22.106491
predicting batch: 883
2023-03-23 16:26:25.575742
predicting batch: 884
2023-03-23 16:26:28.918011
predicting batch: 885
2023-03-23 16:26:32.201329
predicting batch: 886
2023-03-23 16:26:35.578583
predicting batch: 887
2023-03-23 16:26:38.982047
predicting batch: 888
2023-03-23 16:26:42.404753
predicting batch: 889
2023-03-23 16:26:45.813377
predicting batch: 890
2023-03-23 16:26:49.257103
predicting batch: 891
2023-03-23 16:26:52.640988
predicting batch: 892
2023-03-23 16:26:55.864591
predicting batch: 893
2023-03-23 16:26:59.459747
predicting batch: 894
2023-03-23 16:27:02.824410
predicting batch: 895
2023-03-23 16:27:06.216492
predicting batch: 896
2023-03-23 16:27:09.604504
predicting batch: 897
2023-03-23 16:27:12.983704
predicting batch: 898
2023-03-23 16:27:16.490187
predicting batch: 899
2023-03-23 16:27:19.943350
predicting batch: 900
2023-03-23 16:27:23.240658
predicting batch: 901
2023-03-23 16:27:26.758493
predicting batch: 902
2023-03-23 16:27:30.504143
predicting batch: 903
2023-03-23 16:27:33.897896
predicting batch: 904
2023-03-23 16:27:37.165637
predicting batch: 905
2023-03-23 16:27:40.379190
predicting batch: 906
2023-03-23 16:27:43.918121
predicting batch: 907
2023-03-23 16:27:47.312822
predicting batch: 908
2023-03-23 16:27:50.738662
predicting batch: 909
2023-03-23 16:27:54.114068
predicting batch: 910
2023-03-23 16:27:57.312460
predicting batch: 911
2023-03-23 16:28:00.854451
predicting batch: 912
2023-03-23 16:28:04.203415
predicting batch: 913
2023-03-23 16:28:07.556305
predicting batch: 914
2023-03-23 16:28:11.066757
predicting batch: 915
2023-03-23 16:28:14.739130
predicting batch: 916
2023-03-23 16:28:18.166808
predicting batch: 917
2023-03-23 16:28:21.558385
predicting batch: 918
2023-03-23 16:28:24.974133
predicting batch: 919
2023-03-23 16:28:28.260119
predicting batch: 920
2023-03-23 16:28:31.857036
predicting batch: 921
2023-03-23 16:28:35.354005
predicting batch: 922
2023-03-23 16:28:38.722615
predicting batch: 923
2023-03-23 16:28:42.017548
predicting batch: 924
2023-03-23 16:28:45.274811
predicting batch: 925
2023-03-23 16:28:48.492649
predicting batch: 926
2023-03-23 16:28:52.066196
predicting batch: 927
2023-03-23 16:28:55.314255
predicting batch: 928
2023-03-23 16:28:58.689695
predicting batch: 929
2023-03-23 16:29:02.069565
predicting batch: 930
2023-03-23 16:29:05.529837
predicting batch: 931
2023-03-23 16:29:08.696471
predicting batch: 932
2023-03-23 16:29:12.335896
predicting batch: 933
2023-03-23 16:29:15.739638
predicting batch: 934
2023-03-23 16:29:19.001825
predicting batch: 935
2023-03-23 16:29:22.482991
predicting batch: 936
2023-03-23 16:29:25.712883
predicting batch: 937
2023-03-23 16:29:29.174595
predicting batch: 938
2023-03-23 16:29:32.442260
predicting batch: 939
2023-03-23 16:29:35.806460
predicting batch: 940
2023-03-23 16:29:39.216167
predicting batch: 941
2023-03-23 16:29:42.625584
predicting batch: 942
2023-03-23 16:29:45.975604
predicting batch: 943
2023-03-23 16:29:49.379624
predicting batch: 944
2023-03-23 16:29:52.859041
predicting batch: 945
2023-03-23 16:29:56.477044
predicting batch: 946
2023-03-23 16:30:00.055462
predicting batch: 947
2023-03-23 16:30:03.472033
predicting batch: 948
2023-03-23 16:30:06.919714
predicting batch: 949
2023-03-23 16:30:10.179299
predicting batch: 950
2023-03-23 16:30:13.681775
predicting batch: 951
2023-03-23 16:30:16.814844
predicting batch: 952
2023-03-23 16:30:20.372176
predicting batch: 953
2023-03-23 16:30:23.756105
predicting batch: 954
2023-03-23 16:30:27.132058
predicting batch: 955
2023-03-23 16:30:30.980177
predicting batch: 956
2023-03-23 16:30:34.277941
predicting batch: 957
2023-03-23 16:30:38.024387
predicting batch: 958
2023-03-23 16:30:41.121242
predicting batch: 959
2023-03-23 16:30:44.542209
predicting batch: 960
2023-03-23 16:30:47.949451
predicting batch: 961
2023-03-23 16:30:51.356497
predicting batch: 962
2023-03-23 16:30:54.922601
predicting batch: 963
2023-03-23 16:30:58.257341
predicting batch: 964
2023-03-23 16:31:01.323591
predicting batch: 965
2023-03-23 16:31:04.718793
predicting batch: 966
2023-03-23 16:31:07.984036
predicting batch: 967
2023-03-23 16:31:11.228629
predicting batch: 968
2023-03-23 16:31:14.679136
predicting batch: 969
2023-03-23 16:31:18.107890
predicting batch: 970
2023-03-23 16:31:21.503939
predicting batch: 971
2023-03-23 16:31:24.873671
predicting batch: 972
2023-03-23 16:31:28.397618
predicting batch: 973
2023-03-23 16:31:31.760681
predicting batch: 974
2023-03-23 16:31:34.808645
predicting batch: 975
2023-03-23 16:31:38.347115
predicting batch: 976
2023-03-23 16:31:41.663328
predicting batch: 977
2023-03-23 16:31:44.945694
predicting batch: 978
2023-03-23 16:31:48.347823
predicting batch: 979
2023-03-23 16:31:51.783265
predicting batch: 980
2023-03-23 16:31:55.086510
predicting batch: 981
2023-03-23 16:31:58.504174
predicting batch: 982
2023-03-23 16:32:01.878864
predicting batch: 983
2023-03-23 16:32:05.412344
predicting batch: 984
2023-03-23 16:32:09.207420
predicting batch: 985
2023-03-23 16:32:12.870821
predicting batch: 986
2023-03-23 16:32:16.021791
predicting batch: 987
2023-03-23 16:32:19.569352
predicting batch: 988
2023-03-23 16:32:22.842504
predicting batch: 989
2023-03-23 16:32:26.254683
predicting batch: 990
2023-03-23 16:32:29.520932
predicting batch: 991
2023-03-23 16:32:33.105571
predicting batch: 992
2023-03-23 16:32:36.448980
predicting batch: 993
2023-03-23 16:32:39.795987
predicting batch: 994
2023-03-23 16:32:43.036759
predicting batch: 995
2023-03-23 16:32:46.571146
predicting batch: 996
2023-03-23 16:32:50.052770
predicting batch: 997
2023-03-23 16:32:53.531332
predicting batch: 998
2023-03-23 16:32:57.034503
predicting batch: 999
2023-03-23 16:33:00.610746
predicting batch: 1000
2023-03-23 16:33:04.343307
predicting batch: 1001
2023-03-23 16:33:07.700314
predicting batch: 1002
2023-03-23 16:33:11.102447
predicting batch: 1003
2023-03-23 16:33:14.483710
predicting batch: 1004
2023-03-23 16:33:17.748009
predicting batch: 1005
2023-03-23 16:33:21.113684
predicting batch: 1006
2023-03-23 16:33:24.376415
predicting batch: 1007
2023-03-23 16:33:28.108362
predicting batch: 1008
2023-03-23 16:33:31.473361
predicting batch: 1009
2023-03-23 16:33:34.870457
predicting batch: 1010
2023-03-23 16:33:38.228689
predicting batch: 1011
2023-03-23 16:33:41.604789
predicting batch: 1012
2023-03-23 16:33:45.546483
predicting batch: 1013
2023-03-23 16:33:48.962372
predicting batch: 1014
2023-03-23 16:33:52.171115
predicting batch: 1015
2023-03-23 16:33:55.474819
predicting batch: 1016
2023-03-23 16:33:58.790805
predicting batch: 1017
2023-03-23 16:34:02.095340
predicting batch: 1018
2023-03-23 16:34:05.141616
predicting batch: 1019
2023-03-23 16:34:08.502983
predicting batch: 1020
2023-03-23 16:34:11.942182
predicting batch: 1021
2023-03-23 16:34:15.190192
predicting batch: 1022
2023-03-23 16:34:18.567118
predicting batch: 1023
2023-03-23 16:34:22.131338
predicting batch: 1024
2023-03-23 16:34:25.488001
predicting batch: 1025
2023-03-23 16:34:28.833909
predicting batch: 1026
2023-03-23 16:34:32.211466
predicting batch: 1027
2023-03-23 16:34:35.630916
predicting batch: 1028
2023-03-23 16:34:38.931179
predicting batch: 1029
2023-03-23 16:34:42.315078
predicting batch: 1030
2023-03-23 16:34:45.728394
predicting batch: 1031
2023-03-23 16:34:49.137410
predicting batch: 1032
2023-03-23 16:34:52.470144
predicting batch: 1033
2023-03-23 16:34:55.956785
predicting batch: 1034
2023-03-23 16:34:59.541983
predicting batch: 1035
2023-03-23 16:35:02.742796
predicting batch: 1036
2023-03-23 16:35:06.433723
predicting batch: 1037
2023-03-23 16:35:09.874220
predicting batch: 1038
2023-03-23 16:35:13.336598
predicting batch: 1039
2023-03-23 16:35:16.614797
predicting batch: 1040
2023-03-23 16:35:20.112390
predicting batch: 1041
2023-03-23 16:35:23.479417
predicting batch: 1042
2023-03-23 16:35:26.913791
predicting batch: 1043
2023-03-23 16:35:30.306380
predicting batch: 1044
2023-03-23 16:35:33.673475
predicting batch: 1045
2023-03-23 16:35:37.474147
predicting batch: 1046
2023-03-23 16:35:40.866575
predicting batch: 1047
2023-03-23 16:35:44.194685
predicting batch: 1048
2023-03-23 16:35:47.525667
predicting batch: 1049
2023-03-23 16:35:51.022394
predicting batch: 1050
2023-03-23 16:35:54.493893
predicting batch: 1051
2023-03-23 16:35:57.843529
predicting batch: 1052
2023-03-23 16:36:01.020377
predicting batch: 1053
2023-03-23 16:36:04.250453
predicting batch: 1054
2023-03-23 16:36:07.881804
predicting batch: 1055
2023-03-23 16:36:11.188200
predicting batch: 1056
2023-03-23 16:36:14.591643
predicting batch: 1057
2023-03-23 16:36:18.171063
predicting batch: 1058
2023-03-23 16:36:21.235729
predicting batch: 1059
2023-03-23 16:36:24.772978
predicting batch: 1060
2023-03-23 16:36:28.334151
predicting batch: 1061
2023-03-23 16:36:31.488800
predicting batch: 1062
2023-03-23 16:36:34.947223
predicting batch: 1063
2023-03-23 16:36:38.576111
predicting batch: 1064
2023-03-23 16:36:41.968094
predicting batch: 1065
2023-03-23 16:36:45.413332
predicting batch: 1066
2023-03-23 16:36:48.713354
predicting batch: 1067
2023-03-23 16:36:52.335360
predicting batch: 1068
2023-03-23 16:36:55.695020
predicting batch: 1069
2023-03-23 16:36:59.048598
predicting batch: 1070
2023-03-23 16:37:02.258343
predicting batch: 1071
2023-03-23 16:37:05.793184
predicting batch: 1072
2023-03-23 16:37:09.004518
predicting batch: 1073
2023-03-23 16:37:12.379339
predicting batch: 1074
2023-03-23 16:37:15.644973
predicting batch: 1075
2023-03-23 16:37:19.383276
predicting batch: 1076
2023-03-23 16:37:22.854106
predicting batch: 1077
2023-03-23 16:37:25.899160
predicting batch: 1078
2023-03-23 16:37:29.243098
predicting batch: 1079
2023-03-23 16:37:32.736738
predicting batch: 1080
2023-03-23 16:37:36.113876
predicting batch: 1081
2023-03-23 16:37:39.472601
predicting batch: 1082
2023-03-23 16:37:42.910434
predicting batch: 1083
2023-03-23 16:37:46.238126
predicting batch: 1084
2023-03-23 16:37:49.455466
predicting batch: 1085
2023-03-23 16:37:52.955421
predicting batch: 1086
2023-03-23 16:37:56.320484
predicting batch: 1087
2023-03-23 16:37:59.499989
predicting batch: 1088
2023-03-23 16:38:03.091927
predicting batch: 1089
2023-03-23 16:38:06.922672
predicting batch: 1090
2023-03-23 16:38:10.042529
predicting batch: 1091
2023-03-23 16:38:13.200019
predicting batch: 1092
2023-03-23 16:38:15.998564
predicting batch: 1093
2023-03-23 16:38:18.997161
predicting batch: 1094
2023-03-23 16:38:21.462969
predicting batch: 1095
2023-03-23 16:38:23.750124
predicting batch: 1096
2023-03-23 16:38:26.049178
predicting batch: 1097
2023-03-23 16:38:28.103602
predicting batch: 1098
acc:  0.972612016889144  ; prec:  0.8496445065387538  ; recall:  0.9048245956317713  ; f1:  0.8763668121696708  ; auc:  0.9427913595814915  ; spec: 0.9807581235312118  ; mcc:  1326.9060083392167
Make prediction for 458312 samples...
/home/sunxiaojian/PPIPrediction/test_PSFastPPIModel.py:143: RuntimeWarning: overflow encountered in long_scalars
  test_mcc = (con_matrix[0][0]*con_matrix[1][1]-con_matrix[0][1]*con_matrix[1][0])/(((con_matrix[1][1]+con_matrix[0][1])*(con_matrix[1][1]+con_matrix[1][0])*(con_matrix[0][0]+con_matrix[0][1])*(con_matrix[0][0]+con_matrix[1][0]))**0.5)
/home/sunxiaojian/PPIPrediction/test_PSFastPPIModel.py:143: RuntimeWarning: invalid value encountered in power
  test_mcc = (con_matrix[0][0]*con_matrix[1][1]-con_matrix[0][1]*con_matrix[1][0])/(((con_matrix[1][1]+con_matrix[0][1])*(con_matrix[1][1]+con_matrix[1][0])*(con_matrix[0][0]+con_matrix[0][1])*(con_matrix[0][0]+con_matrix[1][0]))**0.5)
2023-03-23 16:39:01.846630
predicting batch: 0
2023-03-23 16:39:04.497935
predicting batch: 1
2023-03-23 16:39:05.537801
predicting batch: 2
2023-03-23 16:39:06.493143
predicting batch: 3
2023-03-23 16:39:12.820917
predicting batch: 4
2023-03-23 16:39:15.432431
predicting batch: 5
2023-03-23 16:39:16.292561
predicting batch: 6
2023-03-23 16:39:17.167532
predicting batch: 7
2023-03-23 16:39:23.649851
predicting batch: 8
2023-03-23 16:39:26.292693
predicting batch: 9
2023-03-23 16:39:27.136166
predicting batch: 10
2023-03-23 16:39:28.035094
predicting batch: 11
2023-03-23 16:39:34.611957
predicting batch: 12
2023-03-23 16:39:37.289227
predicting batch: 13
2023-03-23 16:39:38.088331
predicting batch: 14
2023-03-23 16:39:38.962705
predicting batch: 15
2023-03-23 16:39:45.537834
predicting batch: 16
2023-03-23 16:39:48.153642
predicting batch: 17
2023-03-23 16:39:48.954669
predicting batch: 18
2023-03-23 16:39:49.728474
predicting batch: 19
2023-03-23 16:39:56.066537
predicting batch: 20
2023-03-23 16:39:58.712457
predicting batch: 21
2023-03-23 16:39:59.518058
predicting batch: 22
2023-03-23 16:40:00.366228
predicting batch: 23
2023-03-23 16:40:06.753946
predicting batch: 24
2023-03-23 16:40:09.357098
predicting batch: 25
2023-03-23 16:40:10.141966
predicting batch: 26
2023-03-23 16:40:11.022688
predicting batch: 27
2023-03-23 16:40:17.613946
predicting batch: 28
2023-03-23 16:40:20.338039
predicting batch: 29
2023-03-23 16:40:21.170110
predicting batch: 30
2023-03-23 16:40:21.989976
predicting batch: 31
2023-03-23 16:40:28.630917
predicting batch: 32
2023-03-23 16:40:31.121540
predicting batch: 33
2023-03-23 16:40:31.928461
predicting batch: 34
2023-03-23 16:40:32.777522
predicting batch: 35
2023-03-23 16:40:39.074457
predicting batch: 36
2023-03-23 16:40:41.650541
predicting batch: 37
2023-03-23 16:40:42.464500
predicting batch: 38
2023-03-23 16:40:43.270459
predicting batch: 39
2023-03-23 16:40:49.773894
predicting batch: 40
2023-03-23 16:40:52.347291
predicting batch: 41
2023-03-23 16:40:53.156652
predicting batch: 42
2023-03-23 16:40:53.949720
predicting batch: 43
2023-03-23 16:41:00.535790
predicting batch: 44
2023-03-23 16:41:03.104750
predicting batch: 45
2023-03-23 16:41:03.938074
predicting batch: 46
2023-03-23 16:41:05.099597
predicting batch: 47
2023-03-23 16:41:13.428573
predicting batch: 48
2023-03-23 16:41:16.154813
predicting batch: 49
2023-03-23 16:41:16.976879
predicting batch: 50
2023-03-23 16:41:17.833014
predicting batch: 51
2023-03-23 16:41:24.150151
predicting batch: 52
2023-03-23 16:41:26.741792
predicting batch: 53
2023-03-23 16:41:27.632004
predicting batch: 54
2023-03-23 16:41:28.651320
predicting batch: 55
2023-03-23 16:41:35.140443
predicting batch: 56
2023-03-23 16:41:37.681775
predicting batch: 57
2023-03-23 16:41:38.495027
predicting batch: 58
2023-03-23 16:41:39.378691
predicting batch: 59
2023-03-23 16:41:46.057230
predicting batch: 60
2023-03-23 16:41:48.969490
predicting batch: 61
2023-03-23 16:41:49.750084
predicting batch: 62
2023-03-23 16:41:50.620411
predicting batch: 63
2023-03-23 16:41:56.943478
predicting batch: 64
2023-03-23 16:41:59.585812
predicting batch: 65
2023-03-23 16:42:00.377937
predicting batch: 66
2023-03-23 16:42:01.316493
predicting batch: 67
2023-03-23 16:42:07.711679
predicting batch: 68
2023-03-23 16:42:10.195619
predicting batch: 69
2023-03-23 16:42:10.926977
predicting batch: 70
2023-03-23 16:42:11.715696
predicting batch: 71
2023-03-23 16:42:18.335847
predicting batch: 72
2023-03-23 16:42:20.968124
predicting batch: 73
2023-03-23 16:42:21.735848
predicting batch: 74
2023-03-23 16:42:22.672345
predicting batch: 75
2023-03-23 16:42:30.601667
predicting batch: 76
2023-03-23 16:42:33.278903
predicting batch: 77
2023-03-23 16:42:34.169556
predicting batch: 78
2023-03-23 16:42:35.003705
predicting batch: 79
2023-03-23 16:42:41.657824
predicting batch: 80
2023-03-23 16:42:44.257189
predicting batch: 81
2023-03-23 16:42:45.080364
predicting batch: 82
2023-03-23 16:42:45.893680
predicting batch: 83
2023-03-23 16:42:52.020358
predicting batch: 84
2023-03-23 16:42:54.483965
predicting batch: 85
2023-03-23 16:42:55.230340
predicting batch: 86
2023-03-23 16:42:56.048961
predicting batch: 87
2023-03-23 16:42:59.975927
predicting batch: 88
2023-03-23 16:43:01.956036
predicting batch: 89
2023-03-23 16:43:02.711508
predicting batch: 90
2023-03-23 16:43:03.464387
predicting batch: 91
acc:  0.9782135313934612  ; prec:  0.9890176382713696  ; recall:  0.9888532597013205  ; f1:  0.9889354421556883  ; auc:  0.6434562374438038  ; spec: 0.29805921518628703  ; mcc:  nan
Make prediction for 6397103 samples...
Traceback (most recent call last):
  File "/home/sunxiaojian/anaconda3/envs/ppi/lib/python3.10/multiprocessing/resource_sharer.py", line 138, in _serve
    with self._listener.accept() as conn:
  File "/home/sunxiaojian/anaconda3/envs/ppi/lib/python3.10/multiprocessing/connection.py", line 470, in accept
    deliver_challenge(c, self._authkey)
  File "/home/sunxiaojian/anaconda3/envs/ppi/lib/python3.10/multiprocessing/connection.py", line 745, in deliver_challenge
    response = connection.recv_bytes(256)        # reject large message
  File "/home/sunxiaojian/anaconda3/envs/ppi/lib/python3.10/multiprocessing/connection.py", line 221, in recv_bytes
    buf = self._recv_bytes(maxlength)
  File "/home/sunxiaojian/anaconda3/envs/ppi/lib/python3.10/multiprocessing/connection.py", line 419, in _recv_bytes
    buf = self._recv(4)
  File "/home/sunxiaojian/anaconda3/envs/ppi/lib/python3.10/multiprocessing/connection.py", line 384, in _recv
    chunk = read(handle, remaining)
ConnectionResetError: [Errno 104] Connection reset by peer
Make prediction for 23425 samples...
